<html>
<body>
<pre>
<h1>µVision Build Log</h1>
<h2>Tool Versions:</h2>
IDE-Version: ¦ÌVision V5.30.0.0
Copyright (C) 2020 ARM Ltd and ARM Germany GmbH. All rights reserved.
License Information: 1 1, 1, LIC=21E4T-RX86B-SBAEJ-UQJZE-ZEPBT-JLH3I
 
Tool Versions:
Toolchain:       MDK-ARM Plus  Version: 5.30.0.0
Toolchain Path:  D:\Keil_v5\ARM\ARMCC\Bin
C Compiler:      Armcc.exe V5.06 update 6 (build 750)
Assembler:       Armasm.exe V5.06 update 6 (build 750)
Linker/Locator:  ArmLink.exe V5.06 update 6 (build 750)
Library Manager: ArmAr.exe V5.06 update 6 (build 750)
Hex Converter:   FromElf.exe V5.06 update 6 (build 750)
CPU DLL:         SARMCM3.DLL V5.30.0.0
Dialog DLL:      DCM.DLL V1.17.3.0
Target DLL:      UL2CM3.DLL V1.163.3.0
Dialog DLL:      TCM.DLL V1.42.0.0
 
<h2>Project:</h2>
C:\Users\Â½ÖÇ³¬\Desktop\Project\Project11-GD32\GD32F103C8\gd32f103c8t6-master\GD32_Template.uvprojx
Project File Date:  11/29/2020

<h2>Output:</h2>
*** Using Compiler 'V5.06 update 6 (build 750)', folder: 'D:\Keil_v5\ARM\ARMCC\Bin'
Build target 'GD32_Template'
compiling main.c...
compiling gd32f10x_dac.c...
compiling gd32f10x_crc.c...
compiling systick.c...
compiling gd32f10x_dbg.c...
compiling gd32f10x_bkp.c...
compiling system_gd32f10x.c...
compiling gd32f10x_it.c...
compiling gd32f10x_dma.c...
compiling gd32f10x_adc.c...
compiling gd32f10x_can.c...
compiling gd32f10x_enet.c...
compiling gd32f10x_exmc.c...
compiling gd32f10x_fwdgt.c...
compiling gd32f10x_exti.c...
compiling gd32f10x_gpio.c...
compiling gd32f10x_fmc.c...
compiling gd32f10x_misc.c...
compiling gd32f10x_pmu.c...
compiling gd32f10x_rtc.c...
compiling gd32f10x_i2c.c...
compiling gd32f10x_rcu.c...
assembling startup_gd32f10x_md.s...
compiling gd32f10x_sdio.c...
compiling gd32f10x_spi.c...
compiling gd32f10x_wwdgt.c...
compiling gd32f10x_usart.c...
compiling gd32f10x_eval.c...
compiling gd32f10x_timer.c...
linking...
Program Size: Code=464 RO-data=276 RW-data=0 ZI-data=1024  
FromELF: creating hex file...
".\Objects\qst_sensor.axf" - 0 Error(s), 0 Warning(s).

<h2>Software Packages used:</h2>

Package Vendor: GigaDevice
                http://www.keil.com/pack/GigaDevice.GD32F10x_DFP.2.0.1.pack
                GigaDevice.GD32F10x_DFP.2.0.1
                GigaDevice GD32F10x Series Device Support and Examples

<h2>Collection of Component include folders:</h2>
  .\RTE\_GD32_Template
  D:\Keil_v5\GigaDevice\GD32F10x_DFP\2.0.1\Device\Include

<h2>Collection of Component Files used:</h2>
Build Time Elapsed:  00:00:03
</pre>
</body>
</html>
